// Jest Snapshot v1, https://goo.gl/fbAQLP

exports[`renders the loading screen 1`] = `
<RCTScrollView
  automaticallyAdjustContentInsets={false}
  contentContainerStyle={
    Object {
      "alignItems": "center",
      "flex": 1,
      "justifyContent": "center",
    }
  }
  contentInset={
    Object {
      "bottom": 0,
    }
  }
  enableAutoAutomaticScroll={true}
  enableResetScrollToCoords={true}
  extraHeight={75}
  extraScrollHeight={0}
  keyboardDismissMode="interactive"
  keyboardOpeningTime={250}
  onScroll={[Function]}
  resetScrollToCoords={
    Object {
      "x": 0,
      "y": 0,
    }
  }
  scrollEventThrottle={0}
  showsVerticalScrollIndicator={true}
  styles={
    Object {
      "backgroundColor": "transparent",
      "flex": 1,
    }
  }
  virtual={undefined}
>
  <View>
    <View
      styles={undefined}
    >
      <Image
        source={1}
        styles={
          Object {
            "alignContent": "center",
            "height": 280,
            "marginTop": 3,
            "resizeMode": "contain",
            "width": 200,
          }
        }
      />
    </View>
    <View>
      <View
        accessibilityComponentType={undefined}
        accessibilityLabel={undefined}
        accessibilityTraits={undefined}
        accessible={true}
        collapsable={undefined}
        hitSlop={undefined}
        isTVSelectable={true}
        nativeID={undefined}
        onLayout={undefined}
        onResponderGrant={[Function]}
        onResponderMove={[Function]}
        onResponderRelease={[Function]}
        onResponderTerminate={[Function]}
        onResponderTerminationRequest={[Function]}
        onStartShouldSetResponder={[Function]}
        styles={
          Object {
            "alignItems": "center",
            "alignSelf": "flex-start",
            "backgroundColor": "#1D374C",
            "borderBottomWidth": null,
            "borderColor": "#007aff",
            "borderLeftWidth": null,
            "borderRadius": 57,
            "borderRightWidth": null,
            "borderTopWidth": null,
            "elevation": 2,
            "flexDirection": "row",
            "height": 45,
            "justifyContent": "space-between",
            "marginBottom": 20,
            "opacity": 1,
            "paddingBottom": 6,
            "paddingLeft": 26,
            "paddingRight": 26,
            "paddingTop": 6,
          }
        }
        testID={undefined}
        tvParallaxProperties={undefined}
      >
        <Text
          accessible={true}
          allowFontScaling={true}
          disabled={false}
          ellipsizeMode="tail"
          styles={
            Object {
              "color": "#fff",
              "fontFamily": "System",
              "fontSize": 16.5,
              "lineHeight": 19,
              "marginLeft": 0,
              "marginRight": 0,
            }
          }
          uppercase={false}
          virtual={undefined}
        >
          Inicia Sesión con Facebook
        </Text>
      </View>
    </View>
    <View>
      <View
        accessibilityComponentType={undefined}
        accessibilityLabel={undefined}
        accessibilityTraits={undefined}
        accessible={true}
        collapsable={undefined}
        hitSlop={undefined}
        isTVSelectable={true}
        nativeID={undefined}
        onLayout={undefined}
        onResponderGrant={[Function]}
        onResponderMove={[Function]}
        onResponderRelease={[Function]}
        onResponderTerminate={[Function]}
        onResponderTerminationRequest={[Function]}
        onStartShouldSetResponder={[Function]}
        styles={
          Object {
            "alignItems": "center",
            "alignSelf": "flex-start",
            "backgroundColor": "transparent",
            "borderBottomWidth": 1,
            "borderColor": "#007aff",
            "borderLeftWidth": 1,
            "borderRadius": 57,
            "borderRightWidth": 1,
            "borderTopWidth": 1,
            "borderWidth": 1,
            "elevation": null,
            "flexDirection": "row",
            "height": 45,
            "justifyContent": "space-between",
            "marginBottom": 20,
            "opacity": 1,
            "paddingBottom": 6,
            "paddingLeft": 26,
            "paddingRight": 26,
            "paddingTop": 6,
            "shadowColor": null,
            "shadowOffset": null,
            "shadowOpacity": null,
            "shadowRadius": null,
          }
        }
        testID={undefined}
        tvParallaxProperties={undefined}
      >
        <Text
          accessible={true}
          allowFontScaling={true}
          disabled={false}
          ellipsizeMode="tail"
          styles={
            Object {
              "color": "#007aff",
              "fontFamily": "System",
              "fontSize": 16.5,
              "lineHeight": 19,
              "marginLeft": 0,
              "marginRight": 0,
            }
          }
          uppercase={false}
          virtual={undefined}
        >
          Crear una Cuenta
        </Text>
      </View>
    </View>
    <Text
      accessible={true}
      allowFontScaling={true}
      disabled={false}
      ellipsizeMode="tail"
      onPress={[Function]}
      styles={
        Array [
          Object {
            "color": "#000",
            "fontFamily": "System",
            "fontSize": 16,
          },
          Object {
            "color": "#1D374C",
            "marginTop": 40,
            "textDecorationLine": "underline",
          },
        ]
      }
      uppercase={false}
      virtual={undefined}
    >
      Soy un estudiante
    </Text>
  </View>
</RCTScrollView>
`;

exports[`renders the root without loading screen 1`] = `
<RCTScrollView
  automaticallyAdjustContentInsets={false}
  contentContainerStyle={
    Object {
      "alignItems": "center",
      "flex": 1,
      "justifyContent": "center",
    }
  }
  contentInset={
    Object {
      "bottom": 0,
    }
  }
  enableAutoAutomaticScroll={true}
  enableResetScrollToCoords={true}
  extraHeight={75}
  extraScrollHeight={0}
  keyboardDismissMode="interactive"
  keyboardOpeningTime={250}
  onScroll={[Function]}
  resetScrollToCoords={
    Object {
      "x": 0,
      "y": 0,
    }
  }
  scrollEventThrottle={0}
  showsVerticalScrollIndicator={true}
  styles={
    Object {
      "backgroundColor": "transparent",
      "flex": 1,
    }
  }
  virtual={undefined}
>
  <View>
    <View
      styles={undefined}
    >
      <Image
        source={1}
        styles={
          Object {
            "alignContent": "center",
            "height": 280,
            "marginTop": 3,
            "resizeMode": "contain",
            "width": 200,
          }
        }
      />
    </View>
    <View>
      <View
        accessibilityComponentType={undefined}
        accessibilityLabel={undefined}
        accessibilityTraits={undefined}
        accessible={true}
        collapsable={undefined}
        hitSlop={undefined}
        isTVSelectable={true}
        nativeID={undefined}
        onLayout={undefined}
        onResponderGrant={[Function]}
        onResponderMove={[Function]}
        onResponderRelease={[Function]}
        onResponderTerminate={[Function]}
        onResponderTerminationRequest={[Function]}
        onStartShouldSetResponder={[Function]}
        styles={
          Object {
            "alignItems": "center",
            "alignSelf": "flex-start",
            "backgroundColor": "#1D374C",
            "borderBottomWidth": null,
            "borderColor": "#007aff",
            "borderLeftWidth": null,
            "borderRadius": 57,
            "borderRightWidth": null,
            "borderTopWidth": null,
            "elevation": 2,
            "flexDirection": "row",
            "height": 45,
            "justifyContent": "space-between",
            "marginBottom": 20,
            "opacity": 1,
            "paddingBottom": 6,
            "paddingLeft": 26,
            "paddingRight": 26,
            "paddingTop": 6,
          }
        }
        testID={undefined}
        tvParallaxProperties={undefined}
      >
        <Text
          accessible={true}
          allowFontScaling={true}
          disabled={false}
          ellipsizeMode="tail"
          styles={
            Object {
              "color": "#fff",
              "fontFamily": "System",
              "fontSize": 16.5,
              "lineHeight": 19,
              "marginLeft": 0,
              "marginRight": 0,
            }
          }
          uppercase={false}
          virtual={undefined}
        >
          Inicia Sesión con Facebook
        </Text>
      </View>
    </View>
    <View>
      <View
        accessibilityComponentType={undefined}
        accessibilityLabel={undefined}
        accessibilityTraits={undefined}
        accessible={true}
        collapsable={undefined}
        hitSlop={undefined}
        isTVSelectable={true}
        nativeID={undefined}
        onLayout={undefined}
        onResponderGrant={[Function]}
        onResponderMove={[Function]}
        onResponderRelease={[Function]}
        onResponderTerminate={[Function]}
        onResponderTerminationRequest={[Function]}
        onStartShouldSetResponder={[Function]}
        styles={
          Object {
            "alignItems": "center",
            "alignSelf": "flex-start",
            "backgroundColor": "transparent",
            "borderBottomWidth": 1,
            "borderColor": "#007aff",
            "borderLeftWidth": 1,
            "borderRadius": 57,
            "borderRightWidth": 1,
            "borderTopWidth": 1,
            "borderWidth": 1,
            "elevation": null,
            "flexDirection": "row",
            "height": 45,
            "justifyContent": "space-between",
            "marginBottom": 20,
            "opacity": 1,
            "paddingBottom": 6,
            "paddingLeft": 26,
            "paddingRight": 26,
            "paddingTop": 6,
            "shadowColor": null,
            "shadowOffset": null,
            "shadowOpacity": null,
            "shadowRadius": null,
          }
        }
        testID={undefined}
        tvParallaxProperties={undefined}
      >
        <Text
          accessible={true}
          allowFontScaling={true}
          disabled={false}
          ellipsizeMode="tail"
          styles={
            Object {
              "color": "#007aff",
              "fontFamily": "System",
              "fontSize": 16.5,
              "lineHeight": 19,
              "marginLeft": 0,
              "marginRight": 0,
            }
          }
          uppercase={false}
          virtual={undefined}
        >
          Crear una Cuenta
        </Text>
      </View>
    </View>
    <Text
      accessible={true}
      allowFontScaling={true}
      disabled={false}
      ellipsizeMode="tail"
      onPress={[Function]}
      styles={
        Array [
          Object {
            "color": "#000",
            "fontFamily": "System",
            "fontSize": 16,
          },
          Object {
            "color": "#1D374C",
            "marginTop": 40,
            "textDecorationLine": "underline",
          },
        ]
      }
      uppercase={false}
      virtual={undefined}
    >
      Soy un estudiante
    </Text>
  </View>
</RCTScrollView>
`;
