// Jest Snapshot v1, https://goo.gl/fbAQLP

exports[`renders a Login Screen 1`] = `
<RCTScrollView
  automaticallyAdjustContentInsets={false}
  contentContainerStyle={
    Object {
      "backgroundColor": "#eeeeee",
    }
  }
  contentInset={
    Object {
      "bottom": 0,
    }
  }
  enableAutoAutomaticScroll={true}
  enableResetScrollToCoords={true}
  extraHeight={75}
  extraScrollHeight={0}
  keyboardDismissMode="interactive"
  keyboardOpeningTime={250}
  onScroll={[Function]}
  resetScrollToCoords={
    Object {
      "x": 0,
      "y": 0,
    }
  }
  scrollEventThrottle={0}
  showsVerticalScrollIndicator={true}
  style={
    Object {
      "backgroundColor": "transparent",
      "flex": 1,
    }
  }
  virtual={undefined}
>
  <View>
    <RCTScrollView
      automaticallyAdjustContentInsets={false}
      contentInset={
        Object {
          "bottom": 0,
        }
      }
      enableAutoAutomaticScroll={true}
      enableResetScrollToCoords={true}
      extraHeight={75}
      extraScrollHeight={0}
      keyboardDismissMode="interactive"
      keyboardOpeningTime={250}
      onScroll={[Function]}
      padder={true}
      resetScrollToCoords={
        Object {
          "x": 0,
          "y": 0,
        }
      }
      scrollEventThrottle={0}
      showsVerticalScrollIndicator={true}
      style={
        Array [
          Object {
            "backgroundColor": "transparent",
            "flex": 1,
            "paddingBottom": 10,
            "paddingLeft": 10,
            "paddingRight": 10,
            "paddingTop": 10,
          },
          Object {
            "backgroundColor": "#1D374C",
            "paddingBottom": 30,
            "paddingTop": 24,
          },
        ]
      }
      virtual={undefined}
    >
      <View>
        <View
          style={
            Array [
              Object {},
              Object {
                "backgroundColor": "#1D374C",
                "paddingBottom": 30,
                "paddingTop": 24,
              },
            ]
          }
          virtual={undefined}
        >
          <Text
            accessible={true}
            allowFontScaling={false}
            disabled={false}
            ellipsizeMode="tail"
            style={
              Array [
                Object {
                  "color": "#5090CD",
                  "fontSize": 44,
                },
                Array [
                  Object {
                    "color": "#000",
                    "fontSize": 30,
                  },
                  Object {
                    "color": "#000",
                    "fontSize": 30,
                  },
                  Object {
                    "alignSelf": "flex-end",
                  },
                ],
                Object {
                  "fontFamily": "Ionicons",
                  "fontStyle": "normal",
                  "fontWeight": "normal",
                },
              ]
            }
            virtual={undefined}
          >
            
          </Text>
        </View>
        <View
          style={Object {}}
          virtual={undefined}
        >
          <ExponentAppLoading />
          <View
            accessibilityComponentType={undefined}
            accessibilityLabel={undefined}
            accessibilityTraits={undefined}
            accessible={true}
            collapsable={undefined}
            hitSlop={undefined}
            isTVSelectable={true}
            nativeID={undefined}
            onLayout={undefined}
            onResponderGrant={[Function]}
            onResponderMove={[Function]}
            onResponderRelease={[Function]}
            onResponderTerminate={[Function]}
            onResponderTerminationRequest={[Function]}
            onStartShouldSetResponder={[Function]}
            style={
              Object {
                "alignItems": "center",
                "backgroundColor": "#FAFCFF",
                "borderBottomWidth": 1,
                "borderColor": "#5090CD",
                "borderLeftWidth": 1,
                "borderRadius": 12,
                "borderRightWidth": 1,
                "borderTopWidth": 1,
                "flexDirection": "row",
                "height": 72,
                "marginBottom": 24,
                "marginLeft": 0,
                "opacity": 1,
                "paddingLeft": 24,
              }
            }
            testID={undefined}
            tvParallaxProperties={undefined}
          >
            <Text
              accessible={true}
              allowFontScaling={false}
              disabled={false}
              ellipsizeMode="tail"
              style={
                Array [
                  Object {
                    "color": "#5090CD",
                    "fontSize": 28,
                  },
                  Array [
                    Object {
                      "color": "#000",
                      "fontSize": 30,
                    },
                    Object {
                      "color": "#000",
                      "fontSize": 24,
                      "paddingLeft": 10,
                      "paddingRight": 8,
                    },
                  ],
                  Object {
                    "fontFamily": "Ionicons",
                    "fontStyle": "normal",
                    "fontWeight": "normal",
                  },
                ]
              }
              virtual={undefined}
            >
              
            </Text>
            <TextInput
              editable={true}
              placeholder="Cuándo estás disponible?"
              placeholderTextColor="#575757"
              style={
                Object {
                  "color": "#000",
                  "flex": 1,
                  "fontSize": 17,
                  "height": 50,
                  "lineHeight": 24,
                  "paddingLeft": 8,
                  "paddingRight": 5,
                  "top": 1.5,
                }
              }
              underlineColorAndroid="rgba(0,0,0,0)"
              virtual={undefined}
            />
          </View>
        </View>
      </View>
    </RCTScrollView>
  </View>
</RCTScrollView>
`;
