// Jest Snapshot v1, https://goo.gl/fbAQLP

exports[`Renders a Schedule Picker Renders a Shedule Picker 1`] = `
<Component
  animationType="slide"
  hardwareAccelerated={false}
  onRequestClose={[Function]}
  transparent={false}
  visible={true}
>
  <Styled(Header)
    virtual={undefined}
  >
    <Styled(Left)
      virtual={undefined}
    >
      <Styled(Button)
        onPress={undefined}
        transparent={true}
        virtual={undefined}
      >
        <Styled(Icon)
          name="arrow-back"
          virtual={undefined}
        />
      </Styled(Button)>
    </Styled(Left)>
    <Styled(Body)
      virtual={undefined}
    >
      <Styled(Title)
        virtual={undefined}
      >
        Horario
      </Styled(Title)>
    </Styled(Body)>
    <Styled(Right)
      virtual={undefined}
    />
  </Styled(Header)>
  <Styled(Content)
    padder={true}
    virtual={undefined}
  >
    <Styled(H3)
      style={
        Object {
          "color": "#1D374C",
          "fontWeight": "600",
        }
      }
      virtual={undefined}
    >
      ¿Cuándo estás disponible?
    </Styled(H3)>
    <GridNB>
      <RowNB>
        <ColumnNB>
          <Styled(ViewNB)
            virtual={undefined}
          >
            <Styled(Text)
              virtual={undefined}
            >
              Día
                                     Hora
            </Styled(Text)>
          </Styled(ViewNB)>
          <RowNB>
            <Styled(ViewNB)
              virtual={undefined}
            >
              <Styled(Text)
                virtual={undefined}
              >
                Lun
              </Styled(Text)>
            </Styled(ViewNB)>
          </RowNB>
          <RowNB>
            <Styled(ViewNB)
              virtual={undefined}
            >
              <Styled(Text)
                virtual={undefined}
              >
                Mar
              </Styled(Text)>
            </Styled(ViewNB)>
          </RowNB>
          <RowNB>
            <Styled(ViewNB)
              virtual={undefined}
            >
              <Styled(Text)
                virtual={undefined}
              >
                Mier
              </Styled(Text)>
            </Styled(ViewNB)>
          </RowNB>
          <RowNB>
            <Styled(ViewNB)
              virtual={undefined}
            >
              <Styled(Text)
                virtual={undefined}
              >
                Jue
              </Styled(Text)>
            </Styled(ViewNB)>
          </RowNB>
          <RowNB>
            <Styled(ViewNB)
              virtual={undefined}
            >
              <Styled(Text)
                virtual={undefined}
              >
                Vie
              </Styled(Text)>
            </Styled(ViewNB)>
          </RowNB>
          <RowNB>
            <Styled(ViewNB)
              virtual={undefined}
            >
              <Styled(Text)
                virtual={undefined}
              >
                Sa
              </Styled(Text)>
            </Styled(ViewNB)>
          </RowNB>
          <RowNB>
            <Styled(ViewNB)
              virtual={undefined}
            >
              <Styled(Text)
                virtual={undefined}
              >
                Dom
              </Styled(Text)>
            </Styled(ViewNB)>
          </RowNB>
        </ColumnNB>
        <ColumnNB>
          <RowNB>
            <Styled(ViewNB)
              virtual={undefined}
            >
              <Styled(Text)
                virtual={undefined}
              >
                Mañana
                              8-12PM
              </Styled(Text)>
            </Styled(ViewNB)>
          </RowNB>
          <TimeCheckBox
            addTimeSelection={undefined}
            removeTimeSelection={undefined}
            value="MañanaLun"
          />
          <TimeCheckBox
            addTimeSelection={undefined}
            removeTimeSelection={undefined}
            value="MañanaMar"
          />
          <TimeCheckBox
            addTimeSelection={undefined}
            removeTimeSelection={undefined}
            value="MañanaMier"
          />
          <TimeCheckBox
            addTimeSelection={undefined}
            removeTimeSelection={undefined}
            value="MañanaJue"
          />
          <TimeCheckBox
            addTimeSelection={undefined}
            removeTimeSelection={undefined}
            value="MañanaVie"
          />
          <TimeCheckBox
            addTimeSelection={undefined}
            removeTimeSelection={undefined}
            value="MañanaSa"
          />
          <TimeCheckBox
            addTimeSelection={undefined}
            removeTimeSelection={undefined}
            value="MañanaDom"
          />
        </ColumnNB>
        <ColumnNB>
          <RowNB>
            <Styled(ViewNB)
              virtual={undefined}
            >
              <Styled(Text)
                virtual={undefined}
              >
                Tarde
                              8-12PM
              </Styled(Text)>
            </Styled(ViewNB)>
          </RowNB>
          <TimeCheckBox
            addTimeSelection={undefined}
            removeTimeSelection={undefined}
            value="TardeLun"
          />
          <TimeCheckBox
            addTimeSelection={undefined}
            removeTimeSelection={undefined}
            value="TardeMar"
          />
          <TimeCheckBox
            addTimeSelection={undefined}
            removeTimeSelection={undefined}
            value="TardeMier"
          />
          <TimeCheckBox
            addTimeSelection={undefined}
            removeTimeSelection={undefined}
            value="TardeJue"
          />
          <TimeCheckBox
            addTimeSelection={undefined}
            removeTimeSelection={undefined}
            value="TardeVie"
          />
          <TimeCheckBox
            addTimeSelection={undefined}
            removeTimeSelection={undefined}
            value="TardeSa"
          />
          <TimeCheckBox
            addTimeSelection={undefined}
            removeTimeSelection={undefined}
            value="TardeDom"
          />
        </ColumnNB>
        <ColumnNB>
          <RowNB>
            <Styled(ViewNB)
              virtual={undefined}
            >
              <Styled(Text)
                virtual={undefined}
              >
                Noche
                                 8-12PM
              </Styled(Text)>
            </Styled(ViewNB)>
          </RowNB>
          <TimeCheckBox
            addTimeSelection={undefined}
            removeTimeSelection={undefined}
            value="NocheLun"
          />
          <TimeCheckBox
            addTimeSelection={undefined}
            removeTimeSelection={undefined}
            value="NocheMar"
          />
          <TimeCheckBox
            addTimeSelection={undefined}
            removeTimeSelection={undefined}
            value="NocheMier"
          />
          <TimeCheckBox
            addTimeSelection={undefined}
            removeTimeSelection={undefined}
            value="NocheJue"
          />
          <TimeCheckBox
            addTimeSelection={undefined}
            removeTimeSelection={undefined}
            value="NocheVie"
          />
          <TimeCheckBox
            addTimeSelection={undefined}
            removeTimeSelection={undefined}
            value="NocheSa"
          />
          <TimeCheckBox
            addTimeSelection={undefined}
            removeTimeSelection={undefined}
            value="NocheDom"
          />
        </ColumnNB>
      </RowNB>
    </GridNB>
    <Styled(Button)
      block={true}
      onPress={[Function]}
      rounded={true}
      style={
        Object {
          "backgroundColor": "#1D374C",
        }
      }
      virtual={undefined}
    >
      <Styled(Text)
        virtual={undefined}
      >
        Listo
      </Styled(Text)>
    </Styled(Button)>
  </Styled(Content)>
</Component>
`;
